../Core/Src/main.c:117:6:CDC_On_Receive	16	static
../Core/Src/main.c:127:9:ClampValue	24	static
../Core/Src/main.c:137:10:ClampValue2	16	static
../Core/Src/main.c:147:9:ControlMotor	24	static
../Core/Src/main.c:156:6:EnableMotorDrivers	16	static,ignoring_inline_asm
../Core/Src/main.c:168:6:UpdateServosAndThrower	8	static
../Core/Src/main.c:178:6:HAL_TIM_PeriodElapsedCallback	32	static
../Core/Src/main.c:211:5:main	24	static
../Core/Src/main.c:317:6:SystemClock_Config	88	static
../Core/Src/main.c:365:13:MX_TIM1_Init	104	static
../Core/Src/main.c:441:13:MX_TIM2_Init	56	static
../Core/Src/main.c:490:13:MX_TIM3_Init	56	static
../Core/Src/main.c:539:13:MX_TIM4_Init	56	static
../Core/Src/main.c:588:13:MX_TIM6_Init	24	static
../Core/Src/main.c:626:13:MX_TIM8_Init	104	static
../Core/Src/main.c:698:13:MX_TIM15_Init	104	static
../Core/Src/main.c:764:13:MX_TIM16_Init	88	static
../Core/Src/main.c:827:13:MX_TIM17_Init	88	static
../Core/Src/main.c:890:13:MX_GPIO_Init	40	static
../Core/Src/main.c:935:6:Error_Handler	4	static,ignoring_inline_asm
