../Core/Src/main.c:114:6:CDC_On_Receive	16	static
../Core/Src/main.c:124:9:ClampValueI32	24	static
../Core/Src/main.c:134:10:ClampValueU16	16	static
../Core/Src/main.c:144:9:ControlMotor	24	static
../Core/Src/main.c:153:6:EnableMotorDrivers	16	static,ignoring_inline_asm
../Core/Src/main.c:165:6:UpdateServosAndThrower	8	static
../Core/Src/main.c:175:6:HAL_TIM_PeriodElapsedCallback	32	static
../Core/Src/main.c:210:5:main	16	static
../Core/Src/main.c:295:6:SystemClock_Config	88	static
../Core/Src/main.c:343:13:MX_TIM1_Init	104	static
../Core/Src/main.c:419:13:MX_TIM2_Init	56	static
../Core/Src/main.c:468:13:MX_TIM3_Init	56	static
../Core/Src/main.c:517:13:MX_TIM4_Init	56	static
../Core/Src/main.c:566:13:MX_TIM6_Init	24	static
../Core/Src/main.c:604:13:MX_TIM8_Init	104	static
../Core/Src/main.c:676:13:MX_TIM15_Init	104	static
../Core/Src/main.c:742:13:MX_TIM16_Init	88	static
../Core/Src/main.c:805:13:MX_TIM17_Init	88	static
../Core/Src/main.c:868:13:MX_GPIO_Init	40	static
../Core/Src/main.c:913:6:Error_Handler	4	static,ignoring_inline_asm
